C:/TouchGFXProjects/MyApplication/Core/Src/stm32g0xx_hal_msp.c:69:6:HAL_MspInit	16	static
C:/TouchGFXProjects/MyApplication/Core/Src/stm32g0xx_hal_msp.c:95:6:HAL_CRC_MspInit	8	static
C:/TouchGFXProjects/MyApplication/Core/Src/stm32g0xx_hal_msp.c:117:6:HAL_CRC_MspDeInit	0	static
C:/TouchGFXProjects/MyApplication/Core/Src/stm32g0xx_hal_msp.c:139:6:HAL_SPI_MspInit	56	static
C:/TouchGFXProjects/MyApplication/Core/Src/stm32g0xx_hal_msp.c:275:6:HAL_SPI_MspDeInit	8	static
C:/TouchGFXProjects/MyApplication/Core/Src/stm32g0xx_hal_msp.c:337:6:HAL_TIM_Base_MspInit	16	static
C:/TouchGFXProjects/MyApplication/Core/Src/stm32g0xx_hal_msp.c:362:6:HAL_TIM_Base_MspDeInit	8	static
